[toutvin.com.br/index.html]
[backblue.gif]
[fade.gif]
[index.html]
[toutvin.com.br/wp-content/themes/hello-elementor/style.minc141.css]
[toutvin.com.br/feed/index.html]
[toutvin.com.br/wp-content/themes/hello-elementor/theme.minc141.css]
[toutvin.com.br/wp-content/plugins/elementor/assets/css/frontend.min5422.css]
[toutvin.com.br/wp-content/uploads/elementor/css/post-757a6.css]
[toutvin.com.br/wp-content/plugins/elementor/assets/lib/eicons/css/elementor-icons.min444a.css]
[toutvin.com.br/wp-content/plugins/elementor/assets/lib/swiper/v8/css/swiper.min94a4.css]
[toutvin.com.br/wp-content/plugins/elementor/assets/css/conditionals/e-swiper.min5422.css]
[toutvin.com.br/wp-content/plugins/elementor-pro/assets/css/frontend.min2401.css]
[toutvin.com.br/wp-content/plugins/elementor/assets/lib/font-awesome/css/all.min5422.css]
[toutvin.com.br/wp-content/plugins/elementor/assets/lib/font-awesome/css/v4-shims.min5422.css]
[toutvin.com.br/wp-content/plugins/elementor/assets/css/widget-image.min5422.css]
[toutvin.com.br/wp-content/plugins/elementor/assets/css/widget-heading.min5422.css]
[toutvin.com.br/wp-content/plugins/elementor/assets/css/widget-text-editor.min5422.css]
[toutvin.com.br/comments/feed/index.html]
[toutvin.com.br/wp-content/plugins/elementor/assets/css/widget-icon-list.min5422.css]
[toutvin.com.br/wp-content/plugins/elementor/assets/css/widget-icon-box.min5422.css]
[toutvin.com.br/wp-content/plugins/elementor/assets/lib/animations/styles/fadeInUp.min5422.css]
[toutvin.com.br/wp-content/plugins/elementor/assets/css/widget-accordion.min5422.css]
[toutvin.com.br/wp-content/plugins/elementor/assets/lib/animations/styles/e-animation-grow.min5422.css]
[toutvin.com.br/wp-content/plugins/elementor-pro/assets/css/widget-pricing.min2401.css]
[toutvin.com.br/wp-content/plugins/elementor-pro/assets/css/widget-countdown.min2401.css]
[toutvin.com.br/wp-content/uploads/elementor/css/post-515f63b.css]
[toutvin.com.br/wp-content/plugins/happy-elementor-addons/assets/fonts/style.mindf38.css]
[toutvin.com.br/wp-content/plugins/elementor/assets/lib/font-awesome/css/font-awesome.min1849.css]
[toutvin.com.br/wp-content/plugins/elementor/assets/lib/font-awesome/css/fontawesome.min52d5.css]
[toutvin.com.br/wp-content/plugins/elementor/assets/lib/font-awesome/css/solid.min52d5.css]
[toutvin.com.br/wp-includes/js/jquery/jquery.minf43b.js]
[toutvin.com.br/wp-includes/js/jquery/jquery-migrate.min5589.js]
[toutvin.com.br/wp-content/plugins/elementor/assets/lib/font-awesome/js/v4-shims.min5422.js]
[toutvin.com.br/wp-content/plugins/happy-elementor-addons/assets/vendor/dom-purify/purify.min005e.js]
[toutvin.com.br/wp-json/index.html]
[toutvin.com.br/wp-json/wp/v2/pages/515.json]
[toutvin.com.br/wp-json/oembed/1.0/embed4b56.json]
[toutvin.com.br/wp-json/oembed/1.0/embed648d]
[toutvin.com.br/wp-content/uploads/2023/01/cropped-Asset-1favicon-32x32.png]
[toutvin.com.br/wp-content/uploads/2023/01/cropped-Asset-1favicon-192x192.png]
[toutvin.com.br/wp-content/uploads/2023/01/cropped-Asset-1favicon-180x180.png]
[toutvin.com.br/wp-content/uploads/2022/12/Asset-3logo-3svg.svg]
[toutvin.com.br/wp-content/uploads/2023/01/fotoelia4.jpg]
[toutvin.com.br/wp-content/uploads/2023/01/Certificate_28_-1.png]
[toutvin.com.br/wp-content/themes/hello-elementor/assets/js/hello-frontend.min8a54.js]
[toutvin.com.br/wp-content/plugins/happy-elementor-addons/assets/js/extension-reading-progress-bar.mindf38.js]
[toutvin.com.br/wp-content/plugins/happy-elementor-addons/assets/js/happy-addons.mindf38.js]
[toutvin.com.br/wp-content/plugins/elementor-pro/assets/js/webpack-pro.runtime.min2401.js]
[toutvin.com.br/wp-content/plugins/elementor/assets/js/webpack.runtime.min5422.js]
[toutvin.com.br/wp-content/plugins/elementor/assets/js/frontend-modules.min5422.js]
[toutvin.com.br/wp-includes/js/dist/hooks.min4fdd.js]
[toutvin.com.br/wp-includes/js/dist/i18n.minc33c.js]
[toutvin.com.br/wp-content/plugins/elementor-pro/assets/js/frontend.min2401.js]
[toutvin.com.br/wp-includes/js/jquery/ui/core.minb37e.js]
[toutvin.com.br/wp-content/plugins/elementor/assets/js/frontend.min5422.js]
[toutvin.com.br/index.html]
[toutvin.com.br/wp-content/themes/hello-elementor/style.minc141.css]
[toutvin.com.br/wp-content/themes/hello-elementor/theme.minc141.css]
[toutvin.com.br/wp-content/plugins/elementor/assets/css/frontend.min5422.css]
[toutvin.com.br/wp-content/uploads/elementor/css/post-757a6.css]
[toutvin.com.br/wp-content/plugins/elementor-pro/assets/js/elements-handlers.min2401.js]
[toutvin.com.br/wp-content/plugins/elementor/assets/lib/eicons/fonts/eiconsbe76.eot]
[toutvin.com.br/wp-content/plugins/elementor/assets/lib/eicons/fonts/eiconsbe76.woff2]
[toutvin.com.br/wp-content/plugins/elementor/assets/lib/eicons/fonts/eiconsbe76.woff]
[toutvin.com.br/wp-content/plugins/elementor/assets/lib/eicons/fonts/eiconsbe76.ttf]
[toutvin.com.br/wp-content/plugins/elementor/assets/lib/eicons/css/elementor-icons.min444a.css]
[toutvin.com.br/wp-content/plugins/elementor/assets/lib/swiper/v8/css/swiper.min94a4.css]
[toutvin.com.br/wp-content/plugins/elementor/assets/css/conditionals/e-swiper.min5422.css]
[toutvin.com.br/wp-content/plugins/elementor-pro/assets/css/frontend.min2401.css]
[toutvin.com.br/wp-content/plugins/elementor/assets/lib/eicons/fonts/eiconsbe76.svg]
[toutvin.com.br/wp-content/plugins/elementor/assets/lib/font-awesome/webfonts/fa-brands-400.eot]
[toutvin.com.br/wp-content/plugins/elementor/assets/lib/font-awesome/webfonts/fa-brands-400d41d.eot]
[toutvin.com.br/wp-content/plugins/elementor/assets/lib/font-awesome/webfonts/fa-brands-400.woff2]
[toutvin.com.br/wp-content/plugins/elementor/assets/lib/font-awesome/webfonts/fa-brands-400.woff]
[toutvin.com.br/wp-content/plugins/elementor/assets/lib/font-awesome/webfonts/fa-brands-400.ttf]
[toutvin.com.br/wp-content/plugins/elementor/assets/lib/font-awesome/webfonts/fa-brands-400.svg]
[toutvin.com.br/wp-content/plugins/elementor/assets/lib/font-awesome/webfonts/fa-regular-400.eot]
[toutvin.com.br/wp-content/plugins/elementor/assets/lib/font-awesome/webfonts/fa-regular-400d41d.eot]
[toutvin.com.br/wp-content/plugins/elementor/assets/lib/font-awesome/webfonts/fa-regular-400.woff2]
[toutvin.com.br/wp-content/plugins/elementor/assets/lib/font-awesome/webfonts/fa-regular-400.woff]
[toutvin.com.br/wp-content/plugins/elementor/assets/lib/font-awesome/webfonts/fa-regular-400.ttf]
[toutvin.com.br/wp-content/plugins/elementor/assets/lib/font-awesome/webfonts/fa-regular-400.svg]
[toutvin.com.br/wp-content/plugins/elementor/assets/lib/font-awesome/webfonts/fa-solid-900.eot]
[toutvin.com.br/wp-content/plugins/elementor/assets/lib/font-awesome/webfonts/fa-solid-900d41d.eot]
[toutvin.com.br/wp-content/plugins/elementor/assets/lib/font-awesome/webfonts/fa-solid-900.woff2]
[toutvin.com.br/wp-content/plugins/elementor/assets/lib/font-awesome/webfonts/fa-solid-900.woff]
[toutvin.com.br/wp-content/plugins/elementor/assets/lib/font-awesome/webfonts/fa-solid-900.ttf]
[toutvin.com.br/wp-content/plugins/elementor/assets/lib/font-awesome/css/all.min5422.css]
[toutvin.com.br/wp-content/plugins/elementor/assets/lib/font-awesome/css/v4-shims.min5422.css]
[toutvin.com.br/wp-content/plugins/elementor/assets/css/widget-image.min5422.css]
[toutvin.com.br/wp-content/plugins/elementor/assets/css/widget-heading.min5422.css]
[toutvin.com.br/wp-content/plugins/elementor/assets/css/widget-text-editor.min5422.css]
[toutvin.com.br/wp-content/plugins/elementor/assets/css/widget-icon-list.min5422.css]
[toutvin.com.br/wp-content/plugins/elementor/assets/css/widget-icon-box.min5422.css]
[toutvin.com.br/wp-content/plugins/elementor/assets/lib/animations/styles/fadeInUp.min5422.css]
[toutvin.com.br/wp-content/plugins/elementor/assets/css/widget-accordion.min5422.css]
[toutvin.com.br/wp-content/plugins/elementor/assets/lib/animations/styles/e-animation-grow.min5422.css]
[toutvin.com.br/wp-content/plugins/elementor-pro/assets/css/widget-pricing.min2401.css]
[toutvin.com.br/wp-content/plugins/elementor-pro/assets/css/widget-countdown.min2401.css]
[toutvin.com.br/wp-content/plugins/elementor/assets/lib/font-awesome/webfonts/fa-solid-900.svg]
[toutvin.com.br/wp-content/uploads/2022/12/bg4.jpg]
[toutvin.com.br/wp-content/uploads/2023/01/bgsecao2b.jpg]
[toutvin.com.br/wp-content/uploads/2023/01/bgmobile.jpg]
[toutvin.com.br/wp-content/uploads/elementor/css/post-515f63b.css]
[toutvin.com.br/wp-content/plugins/happy-elementor-addons/assets/fonts/happy-icons.woff2]
[toutvin.com.br/wp-content/plugins/happy-elementor-addons/assets/fonts/happy-icons.woff]
[toutvin.com.br/wp-content/plugins/happy-elementor-addons/assets/fonts/style.mindf38.css]
[toutvin.com.br/wp-content/plugins/happy-elementor-addons/assets/fonts/happy-icons.svg]
[toutvin.com.br/wp-content/plugins/elementor/assets/lib/font-awesome/fonts/fontawesome-webfont3e6e.eot]
[toutvin.com.br/wp-content/plugins/elementor/assets/lib/font-awesome/fonts/fontawesome-webfontd41d.eot]
[toutvin.com.br/wp-content/plugins/elementor/assets/lib/font-awesome/fonts/fontawesome-webfont3e6e.woff2]
[toutvin.com.br/wp-content/plugins/elementor/assets/lib/font-awesome/fonts/fontawesome-webfont3e6e.woff]
[toutvin.com.br/wp-content/plugins/elementor/assets/lib/font-awesome/fonts/fontawesome-webfont3e6e.ttf]
[toutvin.com.br/wp-content/plugins/elementor/assets/lib/font-awesome/css/font-awesome.min1849.css]
[toutvin.com.br/wp-content/plugins/elementor/assets/lib/font-awesome/css/fontawesome.min52d5.css]
[toutvin.com.br/wp-content/plugins/elementor/assets/lib/font-awesome/css/solid.min52d5.css]
[toutvin.com.br/wp-content/uploads/2022/12/Asset-3logo-3svg.svg]
[toutvin.com.br/wp-content/plugins/elementor/assets/lib/eicons/fonts/eiconsbe76.svg]
[toutvin.com.br/wp-content/plugins/elementor/assets/lib/font-awesome/webfonts/fa-brands-400.svg]
[toutvin.com.br/wp-content/plugins/elementor/assets/lib/font-awesome/webfonts/fa-regular-400.svg]
[toutvin.com.br/wp-content/plugins/elementor/assets/lib/font-awesome/webfonts/fa-solid-900.svg]
[toutvin.com.br/wp-content/plugins/happy-elementor-addons/assets/fonts/happy-icons.svg]
[toutvin.com.br/wp-content/plugins/elementor/assets/lib/font-awesome/fonts/fontawesome-webfont3e6e.svg]
[toutvin.com.br/wp-content/plugins/elementor/assets/lib/font-awesome/fonts/fontawesome-webfont3e6e.svg]
[toutvin.com.br/xmlrpc0db0.php]
